// Jest Snapshot v1, https://goo.gl/fbAQLP

exports[`#GoogleButton should render a component 1`] = `
<button
  apiUrl="http://localhost:5000/google_login"
  className="google-oauth-btn"
  defaultStyle={true}
  onClick={[Function]}
  options={
    Object {
      "clientId": "<CLIENT_ID>",
      "includeGrantedScopes": true,
      "redirectUri": "http://localhost:3000",
      "scopes": Array [
        "openid",
        "profile",
        "email",
      ],
    }
  }
  placeholder="demo/search.png"
  style={
    Object {
      "backgroundColor": "#bdc3c7",
      "backgroundImage": "url(demo/search.png)",
      "backgroundPosition": "12px 10px",
      "backgroundRepeat": "no-repeat",
      "backgroundSize": "20px 20px",
      "border": "1px solid #bdc3c7",
      "borderRadius": "9px",
      "fontSize": "18px",
      "padding": "9px 23px",
      "textIndent": "19px",
    }
  }
/>
`;
